// Jest Snapshot v1, https://goo.gl/fbAQLP

exports[`renders correctly 1`] = `
<div
  className="container"
>
  <h2>
    Welcome to our page!
  </h2>
  <p>
    Lorem ipsum dolor sit amet, consectetur adipisicing elit. Odio eum labore sequi. Qui dolorum enim deserunt minima ratione, consequuntur quas esse culpa aliquam rem, accusantium consectetur labore odio repellat consequatur?
  </p>
  <p>
    Lorem ipsum dolor sit amet, consectetur adipisicing elit. Odio eum labore sequi. Qui dolorum enim deserunt minima ratione, consequuntur quas esse culpa aliquam rem, accusantium consectetur labore odio repellat consequatur?
  </p>
</div>
`;
